// Jest Snapshot v1, https://goo.gl/fbAQLP

exports[`React-EyeDrop should render 1`] = `
ShallowWrapper {
  Symbol(enzyme.__root__): [Circular],
  Symbol(enzyme.__unrendered__): <EyeDropper />,
  Symbol(enzyme.__renderer__): Object {
    "batchedUpdates": [Function],
    "getNode": [Function],
    "render": [Function],
    "simulateError": [Function],
    "simulateEvent": [Function],
    "unmount": [Function],
  },
  Symbol(enzyme.__node__): Object {
    "instance": null,
    "key": undefined,
    "nodeType": "host",
    "props": Object {
      "children": <button
        onClick={[Function]}
        style={
          Object {
            "backgroundColor": "#000000",
            "border": "none",
            "borderRadius": "20%",
            "color": "#ffffff",
            "padding": "10px 25px",
          }
        }
      >
        Eye-Drop
      </button>,
      "className": undefined,
      "style": Object {
        "position": "relative",
      },
    },
    "ref": null,
    "rendered": Object {
      "instance": null,
      "key": undefined,
      "nodeType": "host",
      "props": Object {
        "children": "Eye-Drop",
        "className": undefined,
        "onClick": [Function],
        "style": Object {
          "backgroundColor": "#000000",
          "border": "none",
          "borderRadius": "20%",
          "color": "#ffffff",
          "padding": "10px 25px",
        },
      },
      "ref": null,
      "rendered": "Eye-Drop",
      "type": "button",
    },
    "type": "div",
  },
  Symbol(enzyme.__nodes__): Array [
    Object {
      "instance": null,
      "key": undefined,
      "nodeType": "host",
      "props": Object {
        "children": <button
          onClick={[Function]}
          style={
            Object {
              "backgroundColor": "#000000",
              "border": "none",
              "borderRadius": "20%",
              "color": "#ffffff",
              "padding": "10px 25px",
            }
          }
        >
          Eye-Drop
        </button>,
        "className": undefined,
        "style": Object {
          "position": "relative",
        },
      },
      "ref": null,
      "rendered": Object {
        "instance": null,
        "key": undefined,
        "nodeType": "host",
        "props": Object {
          "children": "Eye-Drop",
          "className": undefined,
          "onClick": [Function],
          "style": Object {
            "backgroundColor": "#000000",
            "border": "none",
            "borderRadius": "20%",
            "color": "#ffffff",
            "padding": "10px 25px",
          },
        },
        "ref": null,
        "rendered": "Eye-Drop",
        "type": "button",
      },
      "type": "div",
    },
  ],
  Symbol(enzyme.__options__): Object {
    "adapter": ReactSixteenAdapter {
      "options": Object {
        "enableComponentDidUpdateOnSetState": true,
        "lifecycles": Object {
          "componentDidUpdate": Object {
            "onSetState": true,
          },
          "getDerivedStateFromProps": true,
          "getSnapshotBeforeUpdate": true,
          "setState": Object {
            "skipsComponentDidUpdateOnNullish": true,
          },
        },
      },
    },
  },
}
`;
